// Jest Snapshot v1, https://goo.gl/fbAQLP

exports[`AcceptOrRejectAdvertising matches snapshot 1`] = `
"<div>
  <div class="column-content">
    <div>
      <div>
        <p
          id="consent-dialog-title"
          role="heading"
          class="text-title text-title-left"
        >
          This website uses advertising
        </p>
      </div>
      <div>
        <p class="paragraph">
          By clicking "Okay", you agree to the usage of your personal
          information for advertising purposes.
        </p>
      </div>
    </div>
    <div class="accept-or-reject-all-button-row">
      <button class="button">
        <span class="button-base-text button-primary-text">Okay</span></button
      ><button class="button" data-initialfocus="true">
        <span class="button-base-text button-primary-text"
          >Opt out of advertising</span
        >
      </button>
    </div>
  </div>
</div>
"
`;
