// Jest Snapshot v1, https://goo.gl/fbAQLP

exports[`AcceptOrRejectAll matches snapshot 1`] = `
"<div>
  <div class="column-content">
    <div>
      <div>
        <p
          id="consent-dialog-title"
          role="heading"
          class="text-title text-title-left"
        >
          We use cookies
        </p>
      </div>
      <div>
        <p class="paragraph">
We use these technologies to run the site, improve your experience, and support analytics and marketing. Some of these technologies may allow our third-party partners access to data collected. Essential technologies are always on; others are optional and can be managed below. By clicking “Accept all,” you agree to the use of these optional technologies, including those that enable analytics or marketing and may involve our partners.
        </p>
      </div>
    </div>
    <div class="accept-or-reject-all-button-row">
      <button class="button">
        <span class="button-base-text button-primary-text"
          >Accept all</span
        ></button
      ><button class="button" data-initialfocus="true">
        <span class="button-base-text button-primary-text">Reject all</span>
      </button>
    </div>
  </div>
</div>
"
`;
