// Jest Snapshot v1, https://goo.gl/fbAQLP

exports[`PrivacyPolicyNoticeWithCloseButton matches snapshot 1`] = `
"<div>
  <div class="column-content" role="none">
    <button
      type="button"
      aria-label="Close consent manager"
      class="privacy-policy-notice-with-close-button-close"
      data-initialfocus="true"
    >
      <svg width="24" height="24" viewBox="0 0 32 32" aria-hidden="true">
        <path
          fill="#000"
          d="M25.71 24.29a.996.996 0 1 1-1.41 1.41L16 17.41 7.71 25.7a.996.996 0 1 1-1.41-1.41L14.59 16l-8.3-8.29A.996.996 0 1 1 7.7 6.3l8.3 8.29 8.29-8.29a.996.996 0 1 1 1.41 1.41L17.41 16l8.3 8.29z"
        ></path></svg
      ><span class="screen-reader">Close consent manager</span>
    </button>
    <div>
      <div>
        <p
          id="consent-dialog-title"
          role="heading"
          class="text-title text-title-left"
        >
          Our Privacy Policy Has Changed
        </p>
      </div>
      <div>
        <p class="paragraph">
          We've updated your privacy policy. Click the link below to learn more
          about how we use your personal information.
        </p>
      </div>
    </div>
  </div>
</div>
"
`;
